               total        used        free      shared  buff/cache   available
Mem:           31792        7233       12249        1053       13821       24558
Swap:          19073           0       19073

               total        used        free      shared  buff/cache   available
Mem:           31792        7232       12250        1053       13821       24559
Swap:          19073           0       19073

               total        used        free      shared  buff/cache   available
Mem:           31792        7239       12244        1054       13822       24552
Swap:          19073           0       19073

               total        used        free      shared  buff/cache   available
Mem:           31792        7241       12241        1055       13822       24550
Swap:          19073           0       19073

               total        used        free      shared  buff/cache   available
Mem:           31792        7239       12243        1055       13823       24552
Swap:          19073           0       19073

               total        used        free      shared  buff/cache   available
Mem:           31792        7274       12200        1059       13834       24517
Swap:          19073           0       19073

               total        used        free      shared  buff/cache   available
Mem:           31792        7488       11969        1061       13854       24303
Swap:          19073           0       19073

               total        used        free      shared  buff/cache   available
Mem:           31792        7548       11909        1059       13852       24243
Swap:          19073           0       19073

               total        used        free      shared  buff/cache   available
Mem:           31792        9863        9359        3271       16299       21929
Swap:          19073           0       19073

               total        used        free      shared  buff/cache   available
Mem:           31792       15266        3803        8573       21754       16525
Swap:          19073           0       19073

               total        used        free      shared  buff/cache   available
Mem:           31792       15982        2238        9257       23288       15809
Swap:          19073           0       19073

               total        used        free      shared  buff/cache   available
Mem:           31792       15987        1302        9257       24219       15804
Swap:          19073           0       19073

               total        used        free      shared  buff/cache   available
Mem:           31792       16425         399        9258       24696       15366
Swap:          19073           0       19073

               total        used        free      shared  buff/cache   available
Mem:           31792       16469         355        9257       24695       15323
Swap:          19073           0       19073

               total        used        free      shared  buff/cache   available
Mem:           31792       16466         357        9257       24695       15325
Swap:          19073           0       19073

               total        used        free      shared  buff/cache   available
Mem:           31792       16454         370        9237       24675       15337
Swap:          19073           0       19073

               total        used        free      shared  buff/cache   available
Mem:           31792       16444         380        9237       24675       15347
Swap:          19073           0       19073

               total        used        free      shared  buff/cache   available
Mem:           31792       16451         373        9237       24675       15340
Swap:          19073           0       19073

               total        used        free      shared  buff/cache   available
Mem:           31792       16447         377        9236       24674       15344
Swap:          19073           0       19073

               total        used        free      shared  buff/cache   available
Mem:           31792       16428        3173        9239       21899       15363
Swap:          19073           0       19073

               total        used        free      shared  buff/cache   available
Mem:           31792        8954       10667        1038       13680       22838
Swap:          19073           0       19073

               total        used        free      shared  buff/cache   available
Mem:           31792        7298       12323        1055       13697       24493
Swap:          19073           0       19073

               total        used        free      shared  buff/cache   available
Mem:           31792        7302       12319        1055       13697       24489
Swap:          19073           0       19073

               total        used        free      shared  buff/cache   available
Mem:           31792        7298       12323        1056       13697       24493
Swap:          19073           0       19073

               total        used        free      shared  buff/cache   available
Mem:           31792        7294       12326        1056       13698       24497
Swap:          19073           0       19073

               total        used        free      shared  buff/cache   available
Mem:           31792        7294       12326        1056       13698       24497
Swap:          19073           0       19073

               total        used        free      shared  buff/cache   available
Mem:           31792        7281       12339        1042       13684       24510
Swap:          19073           0       19073

               total        used        free      shared  buff/cache   available
Mem:           31792        7300       12320        1061       13703       24491
Swap:          19073           0       19073

               total        used        free      shared  buff/cache   available
Mem:           31792        7313       12308        1061       13703       24478
Swap:          19073           0       19073
