Warning: You are sending unauthenticated requests to the HF Hub. Please set a HF_TOKEN to enable higher rate limits and faster downloads.
<run_flexllmgen>: args.model: facebook/opt-1.3b
model size: 2.443 GB, cache size: 0.105 GB, hidden size (prefill): 0.002 GB
init weight...
warmup - generate
benchmark - generate
  0%|          | 0/20 [00:00<?, ?it/s]  5%|▌         | 1/20 [00:00<00:09,  2.01it/s] 60%|██████    | 12/20 [00:00<00:00, 25.90it/s]100%|██████████| 20/20 [00:00<00:00, 29.84it/s]
/home/heng/anaconda3/envs/flexgen-lab/lib/python3.10/site-packages/torch/__init__.py:1113: FutureWarning: `torch.distributed.reduce_op` is deprecated, please use `torch.distributed.ReduceOp` instead
  return isinstance(obj, torch.Tensor)
#layers: 50
#batches prefill:  50
#batches decoding: 750
load_weight            (per-layer): 0.008222 s
load_cache_prefill     (per-batch): 0.000010 s
store_cache_prefill    (per-batch): 0.000080 s
compute_layer_prefill  (per-batch): 0.001165 s
load_cache_decoding    (per-batch): 0.000054 s
store_cache_decoding   (per-batch): 0.000072 s
compute_layer_decoding (per-batch): 0.001066 s
Outputs:
----------------------------------------------------------------------
0: Paris is the capital city of France
----------------------------------------------------------------------
3: Paris is the capital city of France
----------------------------------------------------------------------

TorchDevice: cuda:0
  cur_mem: 0.0080 GB,  peak_mem: 0.5387 GB
TorchDevice: cpu
  cur_mem: 0.0000 GB,  peak_mem: 0.0000 GB
model size: 2.443 GB	cache size: 0.105 GB	hidden size (p): 0.002 GB
peak gpu mem: 0.539 GB	projected: True
prefill latency: 0.468 s	prefill throughput: 1094.509 token/s
decode latency: 6.416 s	decode throughput: 9.352 token/s
total latency: 6.884 s	total throughput: 9.297 token/s
