Warning: You are sending unauthenticated requests to the HF Hub. Please set a HF_TOKEN to enable higher rate limits and faster downloads.
<run_flexllmgen>: args.model: facebook/opt-1.3b
model size: 2.443 GB, cache size: 0.105 GB, hidden size (prefill): 0.002 GB
init weight...
warmup - generate
benchmark - generate
  0%|          | 0/20 [00:00<?, ?it/s]100%|██████████| 20/20 [00:00<00:00, 254.91it/s]
/home/heng/anaconda3/envs/flexgen-lab/lib/python3.10/site-packages/torch/__init__.py:1113: FutureWarning: `torch.distributed.reduce_op` is deprecated, please use `torch.distributed.ReduceOp` instead
  return isinstance(obj, torch.Tensor)
#layers: 50
#batches prefill:  50
#batches decoding: 750
load_weight            (per-layer): 0.000020 s
load_cache_prefill     (per-batch): 0.000006 s
store_cache_prefill    (per-batch): 0.000046 s
compute_layer_prefill  (per-batch): 0.001077 s
load_cache_decoding    (per-batch): 0.000018 s
store_cache_decoding   (per-batch): 0.000033 s
compute_layer_decoding (per-batch): 0.000729 s
Outputs:
----------------------------------------------------------------------
0: Paris is the capital city of France
----------------------------------------------------------------------
3: Paris is the capital city of France
----------------------------------------------------------------------

TorchDevice: cuda:0
  cur_mem: 2.6505 GB,  peak_mem: 2.8060 GB
TorchDevice: cpu
  cur_mem: 0.0000 GB,  peak_mem: 0.0000 GB
model size: 2.443 GB	cache size: 0.105 GB	hidden size (p): 0.002 GB
peak gpu mem: 2.806 GB	projected: True
prefill latency: 0.059 s	prefill throughput: 8648.988 token/s
decode latency: 0.265 s	decode throughput: 226.176 token/s
total latency: 0.324 s	total throughput: 197.240 token/s
